Run Specifications:
   Sym build 964 (2020/07/06)
   Target language: python
   Source file: model-03.sym

Intertemporal Details:

   Longest lag is 0; longest lead is 1.

Sets:

   all_regions
      Base set: self
         USA,AUS,GBR,ROW

   all_regions2
      Base set: all_regions
         USA,AUS,GBR,ROW

   goods
      Base set: self
      Good 1 
         g1

   regions
      Base set: all_regions
      United States 
         USA

   sectors
      Base set: self
      Sector 1 
         a1

   some_regions
      Base set: all_regions
         AUS,GBR

   time
      Base set: self
      time 
         t0


Parameters:


Variables:

   cap
      capital (gdp,sta)
         regions

   stuff
      stuff (end,gdp)
         regions


Unique Elements:

   a1,AUS,g1,GBR,ROW,t0,USA

Equations Using Each Parameter:


Equations Using Each Variable:

   cap:
      LHS 1
      RHS 1,2
   stuff:
      LHS 2
      RHS none


Equation 1
----------
Relative Time: [0,1]
Domain: regions
Count: 1 (1 to 1)

   lead(cap)=cap


Equation 2
----------
Domain: regions
Count: 1 (2 to 2)

   stuff=cap


Length of MSGPROC Vectors:

   z1l has 1 elements
   zel has 0 elements
   j1l has 0 elements
   x1l has 1 elements
   exo has 0 elements
   par has 0 elements

Equation Count: 2
Endogenous Variables, Used:   2
Endogenous Variables, Total:  2
